// Jest Snapshot v1, https://goo.gl/fbAQLP

exports[`should match snapshot 1`] = `
<div>
  <div
    class="text-center"
  >
    <header
      class="flex min-h-screen flex-col items-center justify-center bg-surface font-sans text-[calc(10px+2vmin)] text-on-surface"
    >
      <div
        class="flex items-baseline gap-sm"
      >
        <pre
          class="min-w-0 truncate"
        >
          sample-mfe-container
        </pre>
        <span
          class="rounded-sm bg-primary px-sm text-small text-on-primary"
        >
          v
          0.1.0
        </span>
      </div>
      <div
        class="grid grid-flow-col gap-lg"
      >
        <a
          class="text-primary hover:text-primary-hover"
          href="https://reactjs.org"
          rel="noopener noreferrer"
          target="_blank"
        >
          <svg
            aria-label="React"
            class="h-[12vmin] pointer-events-none text-on-surface"
            role="img"
          />
        </a>
        <div
          class="flex select-none self-center text-h1 after:content-['+']"
        />
        <a
          class="text-primary hover:text-primary-hover"
          href="https://support.example.com"
          rel="noopener noreferrer"
          target="_blank"
        >
          <svg
            aria-label="Appshell"
            class="h-[12vmin] pointer-events-none text-on-surface"
            role="img"
          />
        </a>
        <div
          class="flex select-none self-center text-h1 after:content-['+']"
        />
        <a
          class="text-primary hover:text-primary-hover"
          href="https://webpack.js.org/"
          rel="noopener noreferrer"
          target="_blank"
        >
          <svg
            aria-label="Webpack"
            class="h-[12vmin] pointer-events-none text-on-surface"
            role="img"
          />
        </a>
      </div>
      <pre
        class="font-mono"
      >
        This application is composed from 3 micro-frontends.
      </pre>
      <div
        class="grid grid-flow-col gap-lg"
      >
        <div
          style="border: 3px solid red;"
        >
          <h5>
            Error loading Appshell component 'default/sample-mfe-ping/Ping.'
          </h5>
          <span
            style="font-size: 1rem;"
          >
            Error: Remote resource not found in registry. Expected: default/sample-mfe-ping/Ping
          </span>
        </div>
        <div
          style="border: 3px solid red;"
        >
          <h5>
            Error loading Appshell component 'default/sample-mfe-pong/Pong.'
          </h5>
          <span
            style="font-size: 1rem;"
          >
            Error: Remote resource not found in registry. Expected: default/sample-mfe-pong/Pong
          </span>
        </div>
      </div>
    </header>
  </div>
</div>
`;
